// Jest Snapshot v1, https://goo.gl/fbAQLP

exports[`Loading Component renders 1`] = `
<div
  className="loading"
>
  <span>
    Loading
  </span>
</div>
`;
